--------------------------------------------------------------------------------------------------------------------------------------------------------------------------------
      name:  <unnamed>
       log:  D:\Dropbox\papers\active\dissertation-csrhub\project\logs/yearly-analysis-tables-only.txt
  log type:  text
 opened on:  18 Jan 2019, 11:12:06

. 
. ///     LOAD DATA
> use data/csrhub-kld-cstat-year-level-with-treatment-variables.dta, clear

. 
. /// SET PANEL
> encode cusip, gen(cusip_n)

. xtset cusip_n year, y
       panel variable:  cusip_n (unbalanced)
        time variable:  year, 1990 to 2018, but with gaps
                delta:  1 year

. 
. ///     GENERATE YEAR-ON-YEAR REVENUE CHANGE
> gen revt_yoy = revt - l.revt
(74,693 missing values generated)

. label var revt_yoy "Year-on-year change in revenue (revt)"

. 
. ///     KEEP VARIABLES IN REGRESSION MODELS TO REDUCE FILE SIZE
> keep cusip cusip_n year revt revt_yoy dltt at xad xrd emp ///
>         over_rtg *rtg_lym

. 
. 
. ***=======================***
. *       LAG STRUCTURE MODELS    *
. ***=======================***
. ///     DV: REVENUE (LEVEL)
> est clear

. mark mark1

. markout mark1 over_rtg l.over_rtg l2.over_rtg l3.over_rtg l4.over_rtg

. 
. qui xtreg revt over_rtg i.year if mark1==1, fe cluster(cusip_n)

. est store lag1

. qui xtreg revt over_rtg l.over_rtg i.year if mark1==1, fe cluster(cusip_n)

. est store lag2

. qui xtreg revt over_rtg l.over_rtg l2.over_rtg i.year if mark1==1, fe cluster(cusip_n)

. est store lag3

. qui xtreg revt over_rtg l.over_rtg l2.over_rtg l3.over_rtg i.year if mark1==1, fe cluster(cusip_n)

. est store lag4

. qui xtreg revt over_rtg l.over_rtg l2.over_rtg l3.over_rtg l4.over_rtg i.year if mark1==1, fe cluster(cusip_n)

. est store lag5

. 
. esttab lag1 lag2 lag3 lag4 lag5, ///
>         keep(*over_rtg)

--------------------------------------------------------------------------------------------
                      (1)             (2)             (3)             (4)             (5)   
                     revt            revt            revt            revt            revt   
--------------------------------------------------------------------------------------------
over_rtg           -44.26          -51.40          -49.56          -47.43          -45.69   
                  (-1.11)         (-1.15)         (-1.24)         (-1.29)         (-1.27)   

L.over_rtg                          20.15           16.26           18.97           19.81   
                                   (0.68)          (0.78)          (0.79)          (0.82)   

L2.over_rtg                                         11.69           8.359           15.50   
                                                   (0.29)          (0.25)          (0.42)   

L3.over_rtg                                                         16.35           8.063   
                                                                   (0.47)          (0.26)   

L4.over_rtg                                                                         43.93   
                                                                                   (1.61)   
--------------------------------------------------------------------------------------------
N                    7346            7346            7346            7346            7346   
--------------------------------------------------------------------------------------------
t statistics in parentheses
* p<0.05, ** p<0.01, *** p<0.001

. 
. 
. ///     DV: REVENUE (1-YEAR CHANGE)
> est clear

. mark mark2

. markout mark2 over_rtg l.over_rtg l2.over_rtg l3.over_rtg l4.over_rtg

. 
. qui xtreg revt_yoy over_rtg i.year if mark2==1, fe cluster(cusip_n)

. est store lag6

. qui xtreg revt_yoy over_rtg l.over_rtg i.year if mark2==1, fe cluster(cusip_n)

. est store lag7

. qui xtreg revt_yoy over_rtg l.over_rtg l2.over_rtg i.year if mark2==1, fe cluster(cusip_n)

. est store lag8

. qui xtreg revt_yoy over_rtg l.over_rtg l2.over_rtg l3.over_rtg i.year if mark2==1, fe cluster(cusip_n)

. est store lag9

. qui xtreg revt_yoy over_rtg l.over_rtg l2.over_rtg l3.over_rtg l4.over_rtg i.year if mark2==1, fe cluster(cusip_n)

. est store lag10

. 
. esttab lag6 lag7 lag8 lag9 lag10, ///
>         keep(*over_rtg)

--------------------------------------------------------------------------------------------
                      (1)             (2)             (3)             (4)             (5)   
                 revt_yoy        revt_yoy        revt_yoy        revt_yoy        revt_yoy   
--------------------------------------------------------------------------------------------
over_rtg            35.21           9.065           9.500           8.135           8.185   
                   (1.90)          (0.58)          (0.67)          (0.58)          (0.59)   

L.over_rtg                          73.74**         72.83**         71.08**         71.10** 
                                   (2.99)          (2.66)          (2.61)          (2.62)   

L2.over_rtg                                         2.750           4.880           5.094   
                                                   (0.10)          (0.17)          (0.17)   

L3.over_rtg                                                        -10.46          -10.72   
                                                                  (-1.05)         (-1.13)   

L4.over_rtg                                                                         1.331   
                                                                                   (0.14)   
--------------------------------------------------------------------------------------------
N                    7332            7332            7332            7332            7332   
--------------------------------------------------------------------------------------------
t statistics in parentheses
* p<0.05, ** p<0.01, *** p<0.001

. 
. 
. ***===========================***
. *       REVENUE LEVEL = F (CSRHUB)      *
. ***===========================***


. 
. esttab con1 con2 con3 con4 con5 con6 con7 con8, ///
>         b se s(yearFE N r2 aic, label("Year FEs" "N" "R^2" "AIC")) ///
>         keep(over_rtg dltt at xad xrd emp)

--------------------------------------------------------------------------------------------------------------------------------------------
                      (1)             (2)             (3)             (4)             (5)             (6)             (7)             (8)   
                     revt            revt            revt            revt            revt            revt            revt            revt   
--------------------------------------------------------------------------------------------------------------------------------------------
over_rtg            8.216          -7.712          -19.15          -23.96*         -10.15          -19.29          -41.11          -12.99   
                  (9.152)         (13.49)         (11.65)         (11.41)         (9.125)         (18.34)         (23.74)         (9.146)   

dltt                                               0.0420***      -0.0295         -0.0162           0.224***       -0.480*        -0.0114   
                                                (0.00717)        (0.0213)        (0.0169)        (0.0598)         (0.235)        (0.0146)   

at                                                                 0.0794***       0.0622**        0.0216           0.510**        0.0562***
                                                                 (0.0238)        (0.0191)        (0.0219)         (0.164)        (0.0162)   

emp                                                                                 0.221***        0.134**        0.0968*          0.174***
                                                                                 (0.0468)        (0.0445)        (0.0461)        (0.0449)   

xad                                                                                                 11.28***        3.754           2.203   
                                                                                                  (2.321)         (2.376)         (1.292)   

xrd                                                                                                                 0.764           4.049*  
                                                                                                                  (1.048)         (1.700)   
--------------------------------------------------------------------------------------------------------------------------------------------
Year FEs               No             Yes             Yes             Yes             Yes             Yes             Yes             Yes   
N                   19816           19816           19736           19736           19553            7980            4650           19553   
R^2             0.0000616          0.0214          0.0583           0.111           0.258           0.479           0.665           0.300   
AIC              392661.1        392251.7        389988.0        388843.2        381877.3        151106.5         87890.2        380754.1   
--------------------------------------------------------------------------------------------------------------------------------------------
Standard errors in parentheses
* p<0.05, ** p<0.01, *** p<0.001

. 
.         
.         
. ***===============================***
. *       REVENUE CHANGE = F (CSRHUB)     *
. ***===============================***   


--------------------------------------------------------------------------------------------------------------------------------------------
                      (1)             (2)             (3)             (4)             (5)             (6)             (7)             (8)   
                 revt_yoy        revt_yoy        revt_yoy        revt_yoy        revt_yoy        revt_yoy        revt_yoy        revt_yoy   
--------------------------------------------------------------------------------------------------------------------------------------------
over_rtg            6.552           19.28**         17.54*          16.41*          14.77           11.83           14.15           19.00** 
                   (1.47)          (2.64)          (2.44)          (2.31)          (1.79)          (1.12)          (1.39)          (2.64)   

dltt                                              0.00652***      -0.0102          0.0315          -0.254*         -0.251**      -0.00739   
                                                   (6.76)         (-1.45)          (1.15)         (-2.41)         (-2.61)         (-1.14)   

at                                                                 0.0186*        0.00802           0.108*          0.105**        0.0150*  
                                                                   (2.30)          (0.56)          (2.33)          (2.59)          (1.99)   

xad                                                                                 3.549***        2.066*          1.650           1.204   
                                                                                   (4.51)          (2.02)          (1.47)          (1.11)   

xrd                                                                                                 0.316           0.206           0.148   
                                                                                                   (0.86)          (0.55)          (0.35)   

emp                                                                                                                0.0157          0.0331** 
                                                                                                                   (1.08)          (2.96)   
--------------------------------------------------------------------------------------------------------------------------------------------
N                   19766           19766           19686           19686            8000            4649            4641           19517   
R-sq                0.000           0.012           0.014           0.019           0.044           0.095           0.099           0.029   
adj. R-sq           0.000           0.011           0.013           0.019           0.042           0.092           0.096           0.029   
AIC              378644.3        378430.4        376945.4        376834.1        148159.9         86695.6         86533.9        373565.8   
--------------------------------------------------------------------------------------------------------------------------------------------
t statistics in parentheses
* p<0.05, ** p<0.01, *** p<0.001

.         
. esttab con16 con17, ///
>         keep(over_rtg revt c.over_rtg* Sover_rtg Srevt c.Sover_rtg* dltt at xad xrd emp) ///
>         order(over_rtg revt c.over_rtg* Sover_rtg Srevt c.Sover_rtg* dltt at xad xrd emp) ///
>         r2 ar2 aic

--------------------------------------------
                      (1)             (2)   
               F.revt_yoy      F.revt_yoy   
--------------------------------------------
over_rtg            32.35*                  
                   (2.16)                   

revt               -0.262*                  
                  (-2.24)                   

c.over_rtg~t     -0.00130                   
                  (-0.61)                   

Sover_rtg                           214.6** 
                                   (2.97)   

Srevt                             -4838.6***
                                  (-7.73)   

c.Sover_rt~t                       -147.7   
                                  (-0.61)   

dltt              -0.0381***      -0.0381***
                  (-5.04)         (-5.04)   

at                0.00905         0.00905   
                   (1.42)          (1.42)   

xad                 0.212           0.212   
                   (0.39)          (0.39)   

xrd                 1.751***        1.751***
                   (3.58)          (3.58)   

emp                0.0728***       0.0728***
                   (3.67)          (3.67)   
--------------------------------------------
N                   16269           16269   
R-sq                0.259           0.259   
adj. R-sq           0.258           0.258   
AIC              307033.0        307033.0   
--------------------------------------------
t statistics in parentheses
* p<0.05, ** p<0.01, *** p<0.001

. 
. 
. 
. 
. /*
> ///     REVENUE = F (CSRHUB CATEGORIES)
>                 CSRHub CATEGORIES and subcategories:
>                         -       COMMUNITY
>                                 *       Community development and philanthropy
>                                 *       Product
>                                 *       Human rights and supply chain
>                         -       EMPLOYEES
>                                 *       Compensation and benefits
>                                 *       Diversity and labor rights
>                                 *       Training health and safety
>                         -       ENVIRONMENT
>                                 *       Energy and climate change
>                                 *       Environmental policy and reporting
>                                 *       Resource management
>                         -       GOVERNANCE
>                                 *       Board
>                                 *       Leadership ethics
>                                 *       Transparency and reporting
> */
. 
. ///     COMMUNITY


--------------------------------------------------------------------------------------------------------------------------------------------
                      (1)             (2)             (3)             (4)             (5)             (6)             (7)             (8)   
                 revt_yoy        revt_yoy        revt_yoy        revt_yoy        revt_yoy        revt_yoy        revt_yoy        revt_yoy   
--------------------------------------------------------------------------------------------------------------------------------------------
cmty_rtg_lym        2.469           6.768**         6.151*          5.580*          6.503           3.792           4.260           6.238*  
                   (1.23)          (2.64)          (2.32)          (2.09)          (1.43)          (1.32)          (1.50)          (2.32)   

dltt                                              0.00559***     -0.00698         -0.0182          -0.299**        -0.298**      -0.00405   
                                                   (9.52)         (-1.48)         (-0.33)         (-2.78)         (-2.97)         (-1.00)   

at                                                                 0.0141**       0.00679           0.134**         0.131**        0.0105*  
                                                                   (2.61)          (0.59)          (2.85)          (3.07)          (2.21)   

xad                                                                                 3.423***        1.926*          1.507           0.944   
                                                                                   (4.34)          (2.20)          (1.58)          (0.96)   

xrd                                                                                                 0.185          0.0763           0.251   
                                                                                                   (0.43)          (0.18)          (0.62)   

emp                                                                                                                0.0150          0.0300** 
                                                                                                                   (1.03)          (2.86)   
--------------------------------------------------------------------------------------------------------------------------------------------
N                   25062           25062           24960           24960           10136            5770            5751           24657   
R-sq                0.000           0.008           0.010           0.013           0.028           0.100           0.104           0.022   
adj. R-sq          -0.000           0.008           0.010           0.013           0.027           0.098           0.102           0.022   
AIC              475669.6        475480.5        473602.5        473520.8        187644.4        106566.4        106211.2        467851.1   
--------------------------------------------------------------------------------------------------------------------------------------------
t statistics in parentheses
* p<0.05, ** p<0.01, *** p<0.001

. 
. 
.         
. ///     EMPLOYEES

. restore 

. 
. *       Table
. esttab m1 m2 m3 m4 m5 m6 m7 m8, ///
>         keep(emp_rtg_lym dltt at xad xrd emp) ///
>         r2 ar2 aic

--------------------------------------------------------------------------------------------------------------------------------------------
                      (1)             (2)             (3)             (4)             (5)             (6)             (7)             (8)   
                 revt_yoy        revt_yoy        revt_yoy        revt_yoy        revt_yoy        revt_yoy        revt_yoy        revt_yoy   
--------------------------------------------------------------------------------------------------------------------------------------------
emp_rtg_lym         2.009           13.12*          11.70*          11.79*          5.799           8.247           9.743           13.65** 
                   (0.78)          (2.58)          (2.35)          (2.37)          (1.05)          (1.13)          (1.46)          (2.74)   

dltt                                              0.00544***     -0.00716         -0.0191          -0.303**        -0.301**      -0.00426   
                                                   (9.49)         (-1.53)         (-0.34)         (-2.87)         (-3.08)         (-1.05)   

at                                                                 0.0141**       0.00698           0.133**         0.131**        0.0105*  
                                                                   (2.62)          (0.60)          (2.86)          (3.08)          (2.22)   

xad                                                                                 3.340***        1.727           1.295           0.882   
                                                                                   (4.09)          (1.90)          (1.32)          (0.90)   

xrd                                                                                                 0.242           0.135           0.278   
                                                                                                   (0.56)          (0.32)          (0.69)   

emp                                                                                                                0.0152          0.0300** 
                                                                                                                   (1.06)          (2.87)   
--------------------------------------------------------------------------------------------------------------------------------------------
N                   25183           25183           25082           25082           10218            5828            5809           24780   
R-sq                0.000           0.009           0.010           0.014           0.027           0.099           0.103           0.022   
adj. R-sq          -0.000           0.008           0.010           0.013           0.025           0.097           0.101           0.022   
AIC              477816.9        477619.4        475762.4        475679.9        189063.2        107554.4        107198.3        470031.5   
--------------------------------------------------------------------------------------------------------------------------------------------
t statistics in parentheses
* p<0.05, ** p<0.01, *** p<0.001

.         
.         
.         
. ///     ENVIRONMENT


. 
. *       Table
. esttab m1 m2 m3 m4 m5 m6 m7 m8, ///
>         keep(enviro_rtg_lym dltt at xad xrd emp) ///
>         r2 ar2 aic

--------------------------------------------------------------------------------------------------------------------------------------------
                      (1)             (2)             (3)             (4)             (5)             (6)             (7)             (8)   
                 revt_yoy        revt_yoy        revt_yoy        revt_yoy        revt_yoy        revt_yoy        revt_yoy        revt_yoy   
--------------------------------------------------------------------------------------------------------------------------------------------
enviro_rtg~m        2.579           6.705*          6.220*          4.727           4.454           1.075           1.708           5.362   
                   (1.34)          (2.14)          (2.02)          (1.63)          (1.00)          (0.17)          (0.27)          (1.83)   

dltt                                              0.00662***      -0.0101          0.0313          -0.254*         -0.251**      -0.00727   
                                                   (6.80)         (-1.43)          (1.14)         (-2.41)         (-2.61)         (-1.12)   

at                                                                 0.0186*        0.00799           0.109*          0.105**        0.0150*  
                                                                   (2.30)          (0.56)          (2.33)          (2.59)          (1.99)   

xad                                                                                 3.548***        2.065*          1.654           1.204   
                                                                                   (4.53)          (2.02)          (1.48)          (1.11)   

xrd                                                                                                 0.315           0.207           0.151   
                                                                                                   (0.85)          (0.55)          (0.36)   

emp                                                                                                                0.0155          0.0329** 
                                                                                                                   (1.07)          (2.94)   
--------------------------------------------------------------------------------------------------------------------------------------------
N                   19970           19970           19890           19890            8080            4688            4680           19711   
R-sq                0.000           0.011           0.013           0.019           0.044           0.094           0.099           0.029   
adj. R-sq          -0.000           0.011           0.013           0.018           0.042           0.092           0.096           0.028   
AIC              382347.9        382136.8        380651.0        380538.8        149563.7         87384.8         87223.5        377090.6   
--------------------------------------------------------------------------------------------------------------------------------------------
t statistics in parentheses
* p<0.05, ** p<0.01, *** p<0.001

. 
. ///     GOVERNANCE

. 
. *       Table
. esttab m1 m2 m3 m4 m5 m6 m7 m8, ///
>         keep(gov_rtg_lym dltt at xad xrd emp) ///
>         r2 ar2 aic

--------------------------------------------------------------------------------------------------------------------------------------------
                      (1)             (2)             (3)             (4)             (5)             (6)             (7)             (8)   
                 revt_yoy        revt_yoy        revt_yoy        revt_yoy        revt_yoy        revt_yoy        revt_yoy        revt_yoy   
--------------------------------------------------------------------------------------------------------------------------------------------
gov_rtg_lym         1.827           1.234           0.504           0.128          -1.056           4.955           5.747           0.864   
                   (0.71)          (0.47)          (0.19)          (0.05)         (-0.29)          (0.93)          (1.11)          (0.33)   

dltt                                              0.00560***     -0.00692         -0.0193          -0.306**        -0.304**      -0.00403   
                                                   (9.78)         (-1.48)         (-0.35)         (-2.86)         (-3.06)         (-1.00)   

at                                                                 0.0140**       0.00688           0.134**         0.131**        0.0105*  
                                                                   (2.61)          (0.59)          (2.86)          (3.08)          (2.21)   

xad                                                                                 3.342***        1.717           1.299           0.900   
                                                                                   (4.14)          (1.91)          (1.33)          (0.92)   

xrd                                                                                                 0.243           0.135           0.266   
                                                                                                   (0.56)          (0.32)          (0.65)   

emp                                                                                                                0.0150          0.0295** 
                                                                                                                   (1.03)          (2.82)   
--------------------------------------------------------------------------------------------------------------------------------------------
N                   25178           25178           25077           25077           10184            5788            5769           24772   
R-sq                0.000           0.008           0.010           0.013           0.027           0.099           0.103           0.022   
adj. R-sq          -0.000           0.008           0.009           0.013           0.025           0.097           0.100           0.021   
AIC              477813.7        477630.2        475770.2        475689.0        188468.6        106857.9        106502.6        469990.5   
--------------------------------------------------------------------------------------------------------------------------------------------
t statistics in parentheses
* p<0.05, ** p<0.01, *** p<0.001

.         
.         
. ///     ALL CATEGORIES


. 
. *       Table
. esttab m1 m2 m3 m4 m5 m6 m7 m8, ///
>         keep(cmty_rtg_lym emp_rtg_lym enviro_rtg_lym gov_rtg_lym  dltt at xad xrd emp) ///
>         r2 ar2 aic

--------------------------------------------------------------------------------------------------------------------------------------------
                      (1)             (2)             (3)             (4)             (5)             (6)             (7)             (8)   
                 revt_yoy        revt_yoy        revt_yoy        revt_yoy        revt_yoy        revt_yoy        revt_yoy        revt_yoy   
--------------------------------------------------------------------------------------------------------------------------------------------
cmty_rtg_lym        1.526           4.186           4.828           6.004           10.03           11.01           10.10           6.748   
                   (0.33)          (0.86)          (1.01)          (1.25)          (1.23)          (1.26)          (1.23)          (1.41)   

emp_rtg_lym         5.498           19.41*          17.49*          18.20*          11.99           9.236           11.88           20.58*  
                   (0.85)          (2.22)          (2.03)          (2.12)          (1.33)          (0.66)          (0.91)          (2.38)   

enviro_rtg~m       -0.255           2.365           2.258           0.252          -0.381          -4.889          -4.816          0.0326   
                  (-0.12)          (0.83)          (0.80)          (0.10)         (-0.08)         (-0.62)         (-0.61)          (0.01)   

gov_rtg_lym         6.836          -3.556          -4.193          -4.184          -2.836           4.073           5.179          -3.682   
                   (1.68)         (-0.74)         (-0.87)         (-0.86)         (-0.61)          (0.51)          (0.65)         (-0.76)   

dltt                                              0.00642***      -0.0105          0.0326          -0.251*         -0.248*       -0.00763   
                                                   (6.54)         (-1.49)          (1.20)         (-2.37)         (-2.57)         (-1.19)   

at                                                                 0.0188*        0.00813           0.108*          0.104*         0.0151*  
                                                                   (2.32)          (0.57)          (2.31)          (2.57)          (2.02)   

xad                                                                                 3.540***        2.034*          1.610           1.198   
                                                                                   (4.46)          (1.97)          (1.44)          (1.10)   

xrd                                                                                                 0.325           0.214           0.157   
                                                                                                   (0.87)          (0.57)          (0.37)   

emp                                                                                                                0.0159          0.0332** 
                                                                                                                   (1.11)          (2.97)   
--------------------------------------------------------------------------------------------------------------------------------------------
N                   19792           19792           19712           19712            7999            4636            4628           19534   
R-sq                0.000           0.012           0.014           0.020           0.045           0.095           0.100           0.030   
adj. R-sq           0.000           0.012           0.013           0.019           0.043           0.092           0.096           0.029   
AIC              379108.8        378886.8        377403.1        377290.2        148139.9         86466.2         86303.9        373857.2   
--------------------------------------------------------------------------------------------------------------------------------------------
t statistics in parentheses
* p<0.05, ** p<0.01, *** p<0.001

.         
.         
.         
. /*      
> ///     REVENUE = F (CSRHUB subcategories)
>                 CSRHub CATEGORIES and subcategories:
>                         -       COMMUNITY
>                                 *       Community development and philanthropy
>                                 *       Product
>                                 *       Human rights and supply chain
>                         -       EMPLOYEES
>                                 *       Compensation and benefits
>                                 *       Diversity and labor rights
>                                 *       Training health and safety
>                         -       ENVIRONMENT
>                                 *       Energy and climate change
>                                 *       Environmental policy and reporting
>                                 *       Resource management
>                         -       GOVERNANCE
>                                 *       Board
>                                 *       Leadership ethics
>                                 *       Transparency and reporting
> */
. 
. local subcategories com_dev_phl_rtg_lym prod_rtg_lym humrts_supchain_rtg_lym ///
>         comp_ben_rtg_lym div_lab_rtg_lym train_hlth_safe_rtg_lym enrgy_climchge_rtg_lym ///
>         enviro_pol_rpt_rtg_lym resource_mgmt_rtg_lym board_rtg_lym ldrship_ethics_rtg_lym ///
>         trans_report_rtg_lym

. */
. foreach subcategory in `subcategories' {
  2.         qui xtreg revt_yoy `subcategory', fe cluster(cusip_n)
  3.         est store m1
  4.         qui xtreg revt_yoy `subcategory' i.year, fe cluster(cusip_n)
  5.         est store m2
  6.         qui xtreg revt_yoy `subcategory' dltt i.year, fe cluster(cusip_n)
  7.         est store m3
  8.         qui xtreg revt_yoy `subcategory' dltt at i.year, fe cluster(cusip_n)
  9.         est store m4
 10.         qui xtreg revt_yoy `subcategory' dltt at xad i.year, fe cluster(cusip_n)
 11.         est store m5
 12.         qui xtreg revt_yoy `subcategory' dltt at xad xrd i.year, fe cluster(cusip_n)
 13.         est store m6
 14.         qui xtreg revt_yoy `subcategory' dltt at xad xrd emp i.year, fe cluster(cusip_n)
 15.         est store m7
 16. 
.         *       Many xad and xrd observations are missing. Assume missing = 0.
.         preserve
 17.         replace xad=0 if xad==. & `subcategory'!=.                                                                      /*      assumption      */
 18.         replace xrd=0 if xrd==. & `subcategory'!=.                                                                      /*      assumption      */
 19. 
.         qui xtreg revt_yoy `subcategory' dltt at xad xrd emp i.year, fe cluster(cusip_n)
 20.         est store m8
 21.         restore 
 22. 
.         *       Table
.         esttab m1 m2 m3 m4 m5 m6 m7 m8, ///
>                 keep(`subcategory' dltt at xad xrd emp) ///
>                 r2 ar2 aic
 23. }
(58,157 real changes made)
(55,786 real changes made)

--------------------------------------------------------------------------------------------------------------------------------------------
                      (1)             (2)             (3)             (4)             (5)             (6)             (7)             (8)   
                 revt_yoy        revt_yoy        revt_yoy        revt_yoy        revt_yoy        revt_yoy        revt_yoy        revt_yoy   
--------------------------------------------------------------------------------------------------------------------------------------------
com_dev_ph~m       -4.903**         5.851*          5.326           5.123           4.777           1.089           1.632           5.996*  
                  (-2.68)          (2.10)          (1.87)          (1.80)          (1.05)          (0.28)          (0.43)          (2.10)   

dltt                                              0.00571***     -0.00668         -0.0189          -0.304**        -0.303**      -0.00380   
                                                   (9.96)         (-1.43)         (-0.34)         (-2.85)         (-3.05)         (-0.94)   

at                                                                 0.0139**       0.00691           0.134**         0.131**        0.0103*  
                                                                   (2.62)          (0.59)          (2.86)          (3.07)          (2.21)   

xad                                                                                 3.341***        1.705           1.288           0.612   
                                                                                   (4.11)          (1.89)          (1.32)          (0.68)   

xrd                                                                                                 0.248           0.139           0.280   
                                                                                                   (0.57)          (0.33)          (0.68)   

emp                                                                                                                0.0150          0.0328** 
                                                                                                                   (1.03)          (3.20)   
--------------------------------------------------------------------------------------------------------------------------------------------
N                   22514           22514           22422           22422            9021            5186            5174           22178   
R-sq                0.000           0.009           0.011           0.014           0.027           0.100           0.104           0.023   
adj. R-sq           0.000           0.008           0.010           0.014           0.026           0.097           0.101           0.023   
AIC              429305.9        429127.1        427422.9        427351.3        168030.6         96308.4         96076.8        422734.2   
--------------------------------------------------------------------------------------------------------------------------------------------
t statistics in parentheses
* p<0.05, ** p<0.01, *** p<0.001
(47,029 real changes made)
(44,929 real changes made)

--------------------------------------------------------------------------------------------------------------------------------------------
                      (1)             (2)             (3)             (4)             (5)             (6)             (7)             (8)   
                 revt_yoy        revt_yoy        revt_yoy        revt_yoy        revt_yoy        revt_yoy        revt_yoy        revt_yoy   
--------------------------------------------------------------------------------------------------------------------------------------------
prod_rtg_lym        0.357           7.413           7.324           8.554           17.28*          8.913           8.919           10.21*  
                   (0.16)          (1.65)          (1.60)          (1.84)          (2.14)          (1.78)          (1.82)          (2.21)   

dltt                                              0.00614***      -0.0101          0.0292          -0.302**        -0.301**      -0.00734   
                                                   (8.32)         (-1.49)          (1.00)         (-2.81)         (-3.01)         (-1.18)   

at                                                                 0.0183*         0.0104           0.137**         0.134**        0.0149*  
                                                                   (2.34)          (0.69)          (2.93)          (3.15)          (2.05)   

xad                                                                                 3.346***        1.705           1.302           1.132   
                                                                                   (4.57)          (1.90)          (1.35)          (1.09)   

xrd                                                                                                 0.190          0.0860           0.146   
                                                                                                   (0.43)          (0.20)          (0.35)   

emp                                                                                                                0.0148          0.0329** 
                                                                                                                   (1.01)          (2.89)   
--------------------------------------------------------------------------------------------------------------------------------------------
N                   19526           19526           19449           19449            7831            4552            4546           19261   
R-sq                0.000           0.012           0.014           0.020           0.044           0.107           0.111           0.030   
adj. R-sq          -0.000           0.011           0.014           0.019           0.042           0.104           0.108           0.029   
AIC              374349.4        374135.4        372692.3        372582.5        145340.2         85040.6         84917.0        368976.1   
--------------------------------------------------------------------------------------------------------------------------------------------
t statistics in parentheses
* p<0.05, ** p<0.01, *** p<0.001
(59,789 real changes made)
(57,335 real changes made)

--------------------------------------------------------------------------------------------------------------------------------------------
                      (1)             (2)             (3)             (4)             (5)             (6)             (7)             (8)   
                 revt_yoy        revt_yoy        revt_yoy        revt_yoy        revt_yoy        revt_yoy        revt_yoy        revt_yoy   
--------------------------------------------------------------------------------------------------------------------------------------------
humrts_sup~m        2.487           4.812           3.850           3.566           0.131           1.424           1.926           3.893   
                   (0.97)          (1.69)          (1.48)          (1.35)          (0.04)          (0.30)          (0.41)          (1.46)   

dltt                                              0.00626***      -0.0100          0.0303          -0.254*         -0.251**      -0.00699   
                                                   (8.10)         (-1.52)          (1.10)         (-2.43)         (-2.64)         (-1.16)   

at                                                                 0.0183*        0.00799           0.106*          0.103*         0.0146*  
                                                                   (2.41)          (0.57)          (2.29)          (2.54)          (2.08)   

xad                                                                                 3.500***        2.030*          1.599           1.136   
                                                                                   (4.39)          (2.03)          (1.46)          (1.09)   

xrd                                                                                                 0.351           0.239           0.161   
                                                                                                   (0.96)          (0.64)          (0.39)   

emp                                                                                                                0.0158          0.0333** 
                                                                                                                   (1.10)          (3.07)   
--------------------------------------------------------------------------------------------------------------------------------------------
N                   24561           24561           24460           24460            9953            5681            5662           24165   
R-sq                0.000           0.009           0.011           0.017           0.043           0.090           0.095           0.028   
adj. R-sq          -0.000           0.008           0.011           0.017           0.042           0.088           0.092           0.027   
AIC              465501.0        465300.8        463430.3        463289.0        182284.8        104906.3        104548.6        457732.4   
--------------------------------------------------------------------------------------------------------------------------------------------
t statistics in parentheses
* p<0.05, ** p<0.01, *** p<0.001
(53,417 real changes made)
(51,013 real changes made)

--------------------------------------------------------------------------------------------------------------------------------------------
                      (1)             (2)             (3)             (4)             (5)             (6)             (7)             (8)   
                 revt_yoy        revt_yoy        revt_yoy        revt_yoy        revt_yoy        revt_yoy        revt_yoy        revt_yoy   
--------------------------------------------------------------------------------------------------------------------------------------------
comp_ben_r~m       -0.250           7.344*          6.680*          6.686*          3.230           9.995*          10.85*          8.088*  
                  (-0.14)          (2.24)          (2.09)          (2.09)          (0.56)          (2.11)          (2.42)          (2.50)   

dltt                                              0.00549***     -0.00630         -0.0204          -0.307**        -0.306**      -0.00343   
                                                   (9.72)         (-1.39)         (-0.36)         (-2.91)         (-3.13)         (-0.87)   

at                                                                 0.0132*        0.00705           0.133**         0.131**       0.00966*  
                                                                   (2.53)          (0.60)          (2.87)          (3.09)          (2.09)   

xad                                                                                 3.369***        1.698           1.262           0.904   
                                                                                   (4.15)          (1.87)          (1.28)          (0.92)   

xrd                                                                                                 0.278           0.169           0.309   
                                                                                                   (0.65)          (0.41)          (0.77)   

emp                                                                                                                0.0154          0.0291** 
                                                                                                                   (1.06)          (2.79)   
--------------------------------------------------------------------------------------------------------------------------------------------
N                   23541           23541           23444           23444            9527            5489            5472           23195   
R-sq                0.000           0.009           0.010           0.013           0.027           0.103           0.107           0.022   
adj. R-sq          -0.000           0.008           0.010           0.013           0.026           0.101           0.105           0.021   
AIC              448117.3        447932.3        446142.9        446076.1        176875.7        101538.7        101217.5        441381.1   
--------------------------------------------------------------------------------------------------------------------------------------------
t statistics in parentheses
* p<0.05, ** p<0.01, *** p<0.001
(57,138 real changes made)
(54,626 real changes made)

--------------------------------------------------------------------------------------------------------------------------------------------
                      (1)             (2)             (3)             (4)             (5)             (6)             (7)             (8)   
                 revt_yoy        revt_yoy        revt_yoy        revt_yoy        revt_yoy        revt_yoy        revt_yoy        revt_yoy   
--------------------------------------------------------------------------------------------------------------------------------------------
div_lab_rt~m        6.807*          11.40*          9.821*          10.22*          4.303           0.972           2.591           12.40** 
                   (2.16)          (2.46)          (2.22)          (2.30)          (0.81)          (0.12)          (0.32)          (2.82)   

dltt                                              0.00547***     -0.00667         -0.0155          -0.254*         -0.251**      -0.00370   
                                                   (9.53)         (-1.45)         (-0.28)         (-2.45)         (-2.66)         (-0.94)   

at                                                                 0.0136*        0.00505           0.106*          0.103*        0.00989*  
                                                                   (2.57)          (0.46)          (2.30)          (2.55)          (2.15)   

xad                                                                                 3.498***        2.038*          1.603           0.948   
                                                                                   (4.13)          (2.04)          (1.46)          (0.94)   

xrd                                                                                                 0.351           0.238           0.270   
                                                                                                   (0.95)          (0.64)          (0.67)   

emp                                                                                                                0.0159          0.0307** 
                                                                                                                   (1.12)          (2.92)   
--------------------------------------------------------------------------------------------------------------------------------------------
N                   24892           24892           24791           24791           10107            5770            5751           24498   
R-sq                0.000           0.008           0.010           0.013           0.028           0.090           0.094           0.022   
adj. R-sq           0.000           0.008           0.010           0.013           0.026           0.088           0.092           0.022   
AIC              472472.1        472284.1        470426.2        470350.6        186964.2        106463.9        106105.5        464853.4   
--------------------------------------------------------------------------------------------------------------------------------------------
t statistics in parentheses
* p<0.05, ** p<0.01, *** p<0.001
(53,873 real changes made)
(51,517 real changes made)

--------------------------------------------------------------------------------------------------------------------------------------------
                      (1)             (2)             (3)             (4)             (5)             (6)             (7)             (8)   
                 revt_yoy        revt_yoy        revt_yoy        revt_yoy        revt_yoy        revt_yoy        revt_yoy        revt_yoy   
--------------------------------------------------------------------------------------------------------------------------------------------
train_hlth~m        2.041           12.72**         11.57*          11.51*          6.070           5.749           7.363           12.10*  
                   (0.73)          (2.60)          (2.37)          (2.36)          (1.58)          (0.99)          (1.36)          (2.47)   

dltt                                              0.00544***     -0.00608         -0.0223          -0.299*         -0.296**      -0.00335   
                                                   (9.29)         (-1.36)         (-0.38)         (-2.40)         (-2.63)         (-0.86)   

at                                                                 0.0129*        0.00520           0.112*          0.107*        0.00955*  
                                                                   (2.51)          (0.48)          (2.17)          (2.50)          (2.10)   

xad                                                                                 2.930***        0.967           0.400           0.443   
                                                                                   (3.50)          (1.01)          (0.40)          (0.50)   

xrd                                                                                                 0.533           0.402           0.224   
                                                                                                   (1.22)          (0.97)          (0.50)   

emp                                                                                                                0.0202          0.0349***
                                                                                                                   (1.38)          (3.30)   
--------------------------------------------------------------------------------------------------------------------------------------------
N                   21936           21936           21847           21847            8776            5070            5058           21630   
R-sq                0.000           0.010           0.011           0.014           0.021           0.084           0.092           0.023   
adj. R-sq          -0.000           0.009           0.011           0.014           0.019           0.081           0.089           0.022   
AIC              418513.2        418322.0        416675.6        416615.1        163274.1         93863.9         93612.7        412493.4   
--------------------------------------------------------------------------------------------------------------------------------------------
t statistics in parentheses
* p<0.05, ** p<0.01, *** p<0.001
(56,020 real changes made)
(53,878 real changes made)

--------------------------------------------------------------------------------------------------------------------------------------------
                      (1)             (2)             (3)             (4)             (5)             (6)             (7)             (8)   
                 revt_yoy        revt_yoy        revt_yoy        revt_yoy        revt_yoy        revt_yoy        revt_yoy        revt_yoy   
--------------------------------------------------------------------------------------------------------------------------------------------
enrgy_clim~m       -1.092           7.491           6.770           5.954           1.982           4.818           4.749           6.016   
                  (-0.59)          (1.76)          (1.54)          (1.36)          (0.33)          (0.57)          (0.56)          (1.37)   

dltt                                              0.00618***      -0.0102          0.0268          -0.311**        -0.310**      -0.00735   
                                                   (8.70)         (-1.50)          (0.90)         (-2.92)         (-3.14)         (-1.18)   

at                                                                 0.0184*         0.0104           0.138**         0.135**        0.0150*  
                                                                   (2.36)          (0.68)          (2.95)          (3.18)          (2.06)   

xad                                                                                 3.283***        1.542           1.141           1.104   
                                                                                   (4.43)          (1.69)          (1.15)          (1.06)   

xrd                                                                                                 0.253           0.149           0.166   
                                                                                                   (0.58)          (0.35)          (0.40)   

emp                                                                                                                0.0148          0.0327** 
                                                                                                                   (1.01)          (2.91)   
--------------------------------------------------------------------------------------------------------------------------------------------
N                   20586           20586           20503           20503            8150            4720            4711           20287   
R-sq                0.000           0.011           0.014           0.019           0.041           0.104           0.108           0.029   
adj. R-sq          -0.000           0.011           0.013           0.019           0.039           0.101           0.105           0.028   
AIC              393633.2        393420.9        391870.1        391753.1        150941.0         87997.7         87820.9        387638.1   
--------------------------------------------------------------------------------------------------------------------------------------------
t statistics in parentheses
* p<0.05, ** p<0.01, *** p<0.001
(43,844 real changes made)
(42,081 real changes made)

--------------------------------------------------------------------------------------------------------------------------------------------
                      (1)             (2)             (3)             (4)             (5)             (6)             (7)             (8)   
                 revt_yoy        revt_yoy        revt_yoy        revt_yoy        revt_yoy        revt_yoy        revt_yoy        revt_yoy   
--------------------------------------------------------------------------------------------------------------------------------------------
enviro_pol~m        1.926           8.973*          8.864*          7.598*          9.431           8.061           8.598           8.300*  
                   (1.10)          (2.29)          (2.25)          (2.00)          (1.90)          (1.34)          (1.43)          (2.17)   

dltt                                              0.00664***      -0.0104          0.0310          -0.258*         -0.255**      -0.00747   
                                                   (6.59)         (-1.45)          (1.13)         (-2.45)         (-2.65)         (-1.14)   

at                                                                 0.0189*        0.00833           0.110*          0.106**        0.0153*  
                                                                   (2.31)          (0.57)          (2.37)          (2.64)          (2.01)   

xad                                                                                 3.570***        2.005           1.593           1.204   
                                                                                   (4.56)          (1.96)          (1.42)          (1.10)   

xrd                                                                                                 0.343           0.234           0.155   
                                                                                                   (0.94)          (0.63)          (0.37)   

emp                                                                                                                0.0156          0.0335** 
                                                                                                                   (1.08)          (2.93)   
--------------------------------------------------------------------------------------------------------------------------------------------
N                   18302           18302           18232           18232            7329            4190            4183           18066   
R-sq                0.000           0.013           0.015           0.020           0.046           0.100           0.105           0.031   
adj. R-sq          -0.000           0.012           0.014           0.020           0.044           0.097           0.102           0.030   
AIC              351915.8        351700.2        350392.9        350287.2        136294.0         78495.1         78352.6        347074.1   
--------------------------------------------------------------------------------------------------------------------------------------------
t statistics in parentheses
* p<0.05, ** p<0.01, *** p<0.001
(45,245 real changes made)
(43,045 real changes made)

--------------------------------------------------------------------------------------------------------------------------------------------
                      (1)             (2)             (3)             (4)             (5)             (6)             (7)             (8)   
                 revt_yoy        revt_yoy        revt_yoy        revt_yoy        revt_yoy        revt_yoy        revt_yoy        revt_yoy   
--------------------------------------------------------------------------------------------------------------------------------------------
resource_m~m        4.419*          5.099           4.545           3.244           2.695          -1.257          -0.147           4.195   
                   (2.06)          (1.85)          (1.77)          (1.38)          (0.82)         (-0.22)         (-0.03)          (1.79)   

dltt                                              0.00692***      -0.0105          0.0314          -0.254*         -0.251**      -0.00756   
                                                   (6.39)         (-1.46)          (1.14)         (-2.40)         (-2.61)         (-1.15)   

at                                                                 0.0193*        0.00801           0.109*          0.105**        0.0156*  
                                                                   (2.37)          (0.56)          (2.33)          (2.59)          (2.07)   

xad                                                                                 3.546***        2.058*          1.651           0.891   
                                                                                   (4.53)          (2.01)          (1.48)          (0.91)   

xrd                                                                                                 0.316           0.207           0.155   
                                                                                                   (0.86)          (0.55)          (0.36)   

emp                                                                                                                0.0155          0.0367***
                                                                                                                   (1.07)          (3.33)   
--------------------------------------------------------------------------------------------------------------------------------------------
N                   19752           19752           19672           19672            7962            4671            4663           19497   
R-sq                0.000           0.012           0.014           0.020           0.044           0.094           0.099           0.031   
adj. R-sq           0.000           0.011           0.013           0.019           0.042           0.092           0.096           0.030   
AIC              378165.7        377952.8        376464.0        376342.8        147496.6         87084.9         86923.8        372952.6   
--------------------------------------------------------------------------------------------------------------------------------------------
t statistics in parentheses
* p<0.05, ** p<0.01, *** p<0.001
(55,248 real changes made)
(52,835 real changes made)

--------------------------------------------------------------------------------------------------------------------------------------------
                      (1)             (2)             (3)             (4)             (5)             (6)             (7)             (8)   
                 revt_yoy        revt_yoy        revt_yoy        revt_yoy        revt_yoy        revt_yoy        revt_yoy        revt_yoy   
--------------------------------------------------------------------------------------------------------------------------------------------
board_rtg_~m        4.970          -0.134         -0.0580           0.905          -2.450           1.746           1.583           1.428   
                   (1.74)         (-0.06)         (-0.02)          (0.37)         (-0.68)          (0.39)          (0.35)          (0.57)   

dltt                                              0.00556***     -0.00625         -0.0191          -0.303**        -0.302**      -0.00343   
                                                   (9.61)         (-1.38)         (-0.34)         (-2.84)         (-3.05)         (-0.87)   

at                                                                 0.0132*        0.00694           0.134**         0.131**       0.00977*  
                                                                   (2.53)          (0.60)          (2.85)          (3.07)          (2.10)   

xad                                                                                 3.345***        1.703           1.286           0.919   
                                                                                   (4.15)          (1.89)          (1.32)          (0.94)   

xrd                                                                                                 0.249           0.140           0.282   
                                                                                                   (0.58)          (0.33)          (0.70)   

emp                                                                                                                0.0150          0.0290** 
                                                                                                                   (1.03)          (2.76)   
--------------------------------------------------------------------------------------------------------------------------------------------
N                   23546           23546           23451           23451            9486            5381            5367           23190   
R-sq                0.000           0.008           0.010           0.013           0.027           0.099           0.103           0.021   
adj. R-sq           0.000           0.008           0.010           0.013           0.026           0.097           0.101           0.021   
AIC              448290.7        448114.7        446360.1        446293.2        176218.8         99730.8         99463.7        441385.9   
--------------------------------------------------------------------------------------------------------------------------------------------
t statistics in parentheses
* p<0.05, ** p<0.01, *** p<0.001
(63,619 real changes made)
(61,118 real changes made)

--------------------------------------------------------------------------------------------------------------------------------------------
                      (1)             (2)             (3)             (4)             (5)             (6)             (7)             (8)   
                 revt_yoy        revt_yoy        revt_yoy        revt_yoy        revt_yoy        revt_yoy        revt_yoy        revt_yoy   
--------------------------------------------------------------------------------------------------------------------------------------------
ldrship_et~m       -1.550           0.420          -0.573          -1.199          -1.340           7.344           8.629          -0.320   
                  (-0.68)          (0.19)         (-0.24)         (-0.52)         (-0.31)          (1.37)          (1.78)         (-0.14)   

dltt                                              0.00561***     -0.00692         -0.0193          -0.306**        -0.305**      -0.00403   
                                                   (9.77)         (-1.48)         (-0.35)         (-2.86)         (-3.07)         (-1.00)   

at                                                                 0.0140**       0.00689           0.134**         0.131**        0.0105*  
                                                                   (2.61)          (0.59)          (2.86)          (3.08)          (2.21)   

xad                                                                                 3.340***        1.721           1.300           0.898   
                                                                                   (4.14)          (1.91)          (1.33)          (0.92)   

xrd                                                                                                 0.241           0.131           0.267   
                                                                                                   (0.56)          (0.31)          (0.66)   

emp                                                                                                                0.0151          0.0294** 
                                                                                                                   (1.04)          (2.82)   
--------------------------------------------------------------------------------------------------------------------------------------------
N                   25302           25302           25199           25199           10255            5817            5798           24894   
R-sq                0.000           0.008           0.010           0.013           0.027           0.099           0.103           0.022   
adj. R-sq          -0.000           0.008           0.009           0.013           0.025           0.097           0.101           0.021   
AIC              480042.7        479858.5        477962.7        477881.0        189711.7        107362.2        107006.5        472183.2   
--------------------------------------------------------------------------------------------------------------------------------------------
t statistics in parentheses
* p<0.05, ** p<0.01, *** p<0.001
(59,035 real changes made)
(56,629 real changes made)

--------------------------------------------------------------------------------------------------------------------------------------------
                      (1)             (2)             (3)             (4)             (5)             (6)             (7)             (8)   
                 revt_yoy        revt_yoy        revt_yoy        revt_yoy        revt_yoy        revt_yoy        revt_yoy        revt_yoy   
--------------------------------------------------------------------------------------------------------------------------------------------
trans_repo~m        0.219         -0.0342          -0.791          -1.628          -0.601           0.577           1.315          -1.669   
                   (0.12)         (-0.01)         (-0.31)         (-0.64)         (-0.21)          (0.10)          (0.23)         (-0.64)   

dltt                                              0.00556***     -0.00621         -0.0190          -0.304**        -0.303**      -0.00338   
                                                   (9.68)         (-1.38)         (-0.34)         (-2.80)         (-3.00)         (-0.86)   

at                                                                 0.0132*        0.00699           0.134**         0.131**       0.00972*  
                                                                   (2.54)          (0.60)          (2.84)          (3.05)          (2.10)   

xad                                                                                 3.361***        1.709           1.294           0.924   
                                                                                   (4.17)          (1.88)          (1.31)          (0.94)   

xrd                                                                                                 0.262           0.152           0.299   
                                                                                                   (0.61)          (0.36)          (0.74)   

emp                                                                                                                0.0150          0.0287** 
                                                                                                                   (1.03)          (2.74)   
--------------------------------------------------------------------------------------------------------------------------------------------
N                   23788           23788           23694           23694            9594            5439            5425           23427   
R-sq                0.000           0.008           0.010           0.013           0.027           0.100           0.104           0.022   
adj. R-sq          -0.000           0.008           0.010           0.013           0.026           0.098           0.101           0.021   
AIC              452694.9        452510.7        450774.6        450707.5        178116.8        100744.7        100477.6        445691.8   
--------------------------------------------------------------------------------------------------------------------------------------------
t statistics in parentheses
* p<0.05, ** p<0.01, *** p<0.001

.         
. 
. 
. capt n log close
      name:  <unnamed>
       log:  D:\Dropbox\papers\active\dissertation-csrhub\project\logs/yearly-analysis-tables-only.txt
  log type:  text
 closed on:  18 Jan 2019, 11:14:44
--------------------------------------------------------------------------------------------------------------------------------------------------------------------------------
